// Jest Snapshot v1, https://goo.gl/fbAQLP

exports[`<Header /> renders Header page 1`] = `undefined`;
